<operations>
  <operation messageId="Id1">
    <headers>
      <header key="HeaderKey1">HeaderValue1</header>
    </headers>
    <options>
      <option key="OptionKey1">OptionValue1</option>
    </options>
    <body>ICE=</body>
  </operation>
</operations>