{
  "HasUnmanagedCalls": false,
  "HasUnexpectedCalls": true,
  "HasBranchingLogic": false,
  "SagaDefinition": null,
  "Exception": "Unable to determine Saga correlation property because an unexpected method call was detected in the ConfigureHowToFindSaga method."
}