{
  "HasUnmanagedCalls": false,
  "HasUnexpectedCalls": false,
  "HasBranchingLogic": false,
  "SagaDefinition": {
    "TableSuffix": "ConcatMsgPropertiesWithInterpolationSaga",
    "CorrelationProperty": {
      "Type": "String",
      "Name": "Correlation"
    },
    "TransitionalCorrelationProperty": null,
    "Name": "CoreSagaMetadataTests/ConcatMsgPropertiesWithInterpolationSaga"
  },
  "Exception": null
}