<?xml version="1.0" encoding="utf-16"?>
<Data>
  <Property>theProperty</Property>
</Data>