{
  "TableSuffix": "WithNoTransitionalCorrelationSaga",
  "CorrelationProperty": null,
  "TransitionalCorrelationProperty": null,
  "Name": "SagaDefinitionReaderTest/WithNoTransitionalCorrelationSaga"
}