
declare @tableName nvarchar(max) = '[' + @schema + '].[' + @endpointName + 'theSaga]';

if exists
(
    select *
    from sys.objects
    where
        object_id = object_id(@tableName)
        and type in ('U')
)
begin
    declare @createTable nvarchar(max);
    set @createTable = 'drop table ' + @tableName;
    exec(@createTable);
end
