{
  "TableSuffix": "SimpleSaga",
  "CorrelationProperty": {
    "Name": "Correlation",
    "Type": "String"
  },
  "TransitionalCorrelationProperty": {
    "Name": "Transitional",
    "Type": "String"
  },
  "Name": "SagaMetaDataReaderTest/SimpleSaga"
}