
declare @tableName nvarchar(max) = '[' + @schema + '].[' + @endpointName + 'theSaga]';

IF NOT EXISTS
(
    SELECT *
    FROM sys.objects
    WHERE
        object_id = OBJECT_ID(@tableName) AND
        type in ('U')
)
BEGIN
DECLARE @createTable nvarchar(max);
SET @createTable = '
    CREATE TABLE ' + @tableName + '(
        [Id] [uniqueidentifier] NOT NULL PRIMARY KEY,
        [Originator] [nvarchar](255),
        [OriginalMessageId] [nvarchar](255),
        [DataXml] [xml] NOT NULL,
        [PersistenceVersion] [nvarchar](23) NOT NULL,
        [SagaTypeVersion] [nvarchar](23) NOT NULL
    )
';
exec(@createTable);
END

declare @dropIndexQuery nvarchar(max);
select @dropIndexQuery =
(
    SELECT 'DROP INDEX ' + ix.name + ' ON ' + @tableName + '; '
    FROM sysindexes ix
    WHERE
        ix.Id = (select object_id from sys.objects where name = @tableName) AND
        ix.Name IS NOT null AND
        ix.Name LIKE 'Index_Correlation_%'
);
exec sp_executesql @dropIndexQuery

declare @dropPropertiesQuery nvarchar(max);
select @dropPropertiesQuery =
(
    SELECT 'ALTER TABLE ' + @tableName  + ' DROP COLUMN ' + col.COLUMN_NAME '; '
    FROM INFORMATION_SCHEMA.COLUMNS col
    WHERE
        col.TABLE_NAME = ' + @tableName  + ' AND
        col.COLUMN_NAME LIKE 'Correlation_%'
);
exec sp_executesql @dropPropertiesQuery
