{
  "SimpleProperty": "PropertyValue",
  "Id": "7b4d47fd-9e3b-4407-8fa7-d1ff72f1ba48",
  "Originator": "theOriginator",
  "OriginalMessageId": "theOriginalMessageId"
}