set @tableName = concat(@tablePrefix, 'SubscriptionData');
set @createTable = concat('
    create table if not exists ', @tableName, '(
        Subscriber varchar(450) not null,
        Endpoint varchar(450) null,
        MessageType varchar(450) not null,
        PersistenceVersion varchar(23) not null,
        primary key clustered (Subscriber, MessageType)
    ) default charset=utf8;
');
prepare script from @createTable;
execute script;
deallocate prepare script;
