[
  {
    "TransportAddress": "e@machine1",
    "Endpoint": "endpoint"
  },
  {
    "TransportAddress": "e@machine2",
    "Endpoint": "endpoint"
  }
]