{
  "HasUnmanagedCalls": false,
  "HasUnexpectedCalls": false,
  "HasBranchingLogic": false,
  "SagaDefinition": {
    "TableSuffix": "SingleMappingValueTypeSaga",
    "CorrelationProperty": {
      "Type": "Int",
      "Name": "Correlation"
    },
    "TransitionalCorrelationProperty": null,
    "Name": "CoreSagaMetadataTests/SingleMappingValueTypeSaga"
  },
  "Exception": null
}