{
  "HasUnmanagedCalls": false,
  "HasUnexpectedCalls": false,
  "HasBranchingLogic": false,
  "SagaDefinition": {
    "TableSuffix": "DifferentTableSuffix",
    "CorrelationProperty": {
      "Type": "String",
      "Name": "Correlation"
    },
    "TransitionalCorrelationProperty": {
      "Type": "String",
      "Name": "TransitionalCorrId"
    },
    "Name": "CoreSagaMetadataTests/MetadataInAttributeSaga"
  },
  "Exception": null
}