{
  "CorrelationProperty": "theCorrelationProperty",
  "TransitionalCorrelationProperty": "theTransitionalCorrelationProperty",
  "SimpleProperty": "theSimpleProperty",
  "Id": "theSagaId",
  "Originator": "theOriginator",
  "OriginalMessageId": "theOriginalMessageId"
}