
update [TheSchema].[TheTablePrefixOutboxData]
set
    Operations = @Operations
where MessageId = @MessageId