
insert into "public"."TheTablePrefixOutboxData"
(
    "MessageId",
    "Operations",
    "PersistenceVersion"
)
values
(
    @MessageId,
    '[]',
    @PersistenceVersion
)