
update "public"."TheTablePrefixOutboxData"
set
    "Operations" = @Operations
where "MessageId" = @MessageId