
update "THETABLEPREFIXOD"
set
    Operations = :Operations
where MessageId = :MessageId