
insert into `TheTablePrefixOutboxData`
(
    MessageId,
    Operations,
    PersistenceVersion
)
values
(
    @MessageId,
    '[]',
    @PersistenceVersion
)