
update `TheTablePrefixOutboxData`
set
    Operations = @Operations
where MessageId = @MessageId