{
  "Property": "theProperty",
  "Id": "theSagaId",
  "Originator": "theOriginator",
  "OriginalMessageId": "theOriginalMessageId"
}