<?xml version="1.0" encoding="utf-16"?>
<Data>
  <Property>
    <List>
      <string>listValue</string>
    </List>
  </Property>
</Data>