<Headers>
  <Header>
    <Key>TheKey</Key>
    <Value>TheValue</Value>
  </Header>
</Headers>