
IF  EXISTS (SELECT * FROM sys.objects WHERE object_id = OBJECT_ID(N'[theschema].[theendpointname.TimeoutData]') AND type in (N'U'))
BEGIN
    DROP TABLE [theschema].[theendpointname.TimeoutData]
END
