Saga types must directly inherit from NServiceBus.Persistence.Sql.Xml.XmlSaga<T>.